/*C4*/SET SCHEMA PUBLIC
    CREATE TABLE IF NOT EXISTS accounts(\u000a        login VARCHAR(50) UNIQUE NOT NULL,\u000a        password_hash VARCHAR(60) NOT NULL,\u000a        amount FLOAT\u000a    )\u000a
CREATE TABLE IF NOT EXISTS sessions (\u000a    id BIGINT GENERATED BY DEFAULT AS IDENTITY PRIMARY KEY,\u000a    login VARCHAR(50) UNIQUE NOT NULL\u000a)\u000a
INSERT INTO ACCOUNTS VALUES('loginRegisterCorrect_1336','encoded_somePassword',0.0E0)
COMMIT
INSERT INTO SESSIONS VALUES(0,'loginRegisterCorrect_1336')
COMMIT
INSERT INTO ACCOUNTS VALUES('loginCorrectForRelogin_920','encoded_somePassword',0.0E0)
COMMIT
INSERT INTO SESSIONS VALUES(1,'loginCorrectForRelogin_920')
COMMIT
DELETE FROM SESSIONS WHERE ID=1
COMMIT
INSERT INTO SESSIONS VALUES(2,'loginCorrectForRelogin_920')
COMMIT
DELETE FROM SESSIONS WHERE ID=2
COMMIT
INSERT INTO ACCOUNTS VALUES('loginRegisterCorrect_1380','encoded_somePassword',0.0E0)
COMMIT
INSERT INTO SESSIONS VALUES(3,'loginRegisterCorrect_1380')
COMMIT
DELETE FROM SESSIONS WHERE ID=3
COMMIT
INSERT INTO ACCOUNTS VALUES('loginCorrectForRelogin_1408','encoded_somePassword',0.0E0)
COMMIT
INSERT INTO SESSIONS VALUES(4,'loginCorrectForRelogin_1408')
COMMIT
DELETE FROM SESSIONS WHERE ID=4
COMMIT
INSERT INTO SESSIONS VALUES(5,'loginCorrectForRelogin_1408')
COMMIT
DELETE FROM SESSIONS WHERE ID=5
COMMIT
